This is XeTeX, Version 3.141592653-2.6-0.999996 (TeX Live 2024/Arch Linux) (preloaded format=xelatex 2025.2.22)  25 MAR 2025 02:04
entering extended mode
 restricted \write18 enabled.
 %&-line parsing enabled.
**full-revised-manuscript_20250325.tex
(./full-revised-manuscript_20250325.tex
LaTeX2e <2023-11-01> patch level 1
L3 programming layer <2024-02-20>
(/usr/share/texmf-dist/tex/latex/base/article.cls
Document Class: article 2023/05/17 v1.4n Standard LaTeX document class
(/usr/share/texmf-dist/tex/latex/base/size10.clo
File: size10.clo 2023/05/17 v1.4n Standard LaTeX file (size option)
)
\c@part=\count184
\c@section=\count185
\c@subsection=\count186
\c@subsubsection=\count187
\c@paragraph=\count188
\c@subparagraph=\count189
\c@figure=\count190
\c@table=\count191
\abovecaptionskip=\skip48
\belowcaptionskip=\skip49
\bibindent=\dimen140
) (/usr/share/texmf-dist/tex/latex/amsmath/amsmath.sty
Package: amsmath 2023/05/13 v2.17o AMS math features
\@mathmargin=\skip50
For additional information on amsmath, use the `?' option.
(/usr/share/texmf-dist/tex/latex/amsmath/amstext.sty
Package: amstext 2021/08/26 v2.01 AMS text
(/usr/share/texmf-dist/tex/latex/amsmath/amsgen.sty
File: amsgen.sty 1999/11/30 v2.0 generic functions
\@emptytoks=\toks17
\ex@=\dimen141
)) (/usr/share/texmf-dist/tex/latex/amsmath/amsbsy.sty
Package: amsbsy 1999/11/29 v1.2d Bold Symbols
\pmbraise@=\dimen142
) (/usr/share/texmf-dist/tex/latex/amsmath/amsopn.sty
Package: amsopn 2022/04/08 v2.04 operator names
)
\inf@bad=\count192
LaTeX Info: Redefining \frac on input line 234.
\uproot@=\count193
\leftroot@=\count194
LaTeX Info: Redefining \overline on input line 399.
LaTeX Info: Redefining \colon on input line 410.
\classnum@=\count195
\DOTSCASE@=\count196
LaTeX Info: Redefining \ldots on input line 496.
LaTeX Info: Redefining \dots on input line 499.
LaTeX Info: Redefining \cdots on input line 620.
\Mathstrutbox@=\box51
\strutbox@=\box52
LaTeX Info: Redefining \big on input line 722.
LaTeX Info: Redefining \Big on input line 723.
LaTeX Info: Redefining \bigg on input line 724.
LaTeX Info: Redefining \Bigg on input line 725.
\big@size=\dimen143
LaTeX Font Info:    Redeclaring font encoding OML on input line 743.
LaTeX Font Info:    Redeclaring font encoding OMS on input line 744.
\macc@depth=\count197
LaTeX Info: Redefining \bmod on input line 905.
LaTeX Info: Redefining \pmod on input line 910.
LaTeX Info: Redefining \smash on input line 940.
LaTeX Info: Redefining \relbar on input line 970.
LaTeX Info: Redefining \Relbar on input line 971.
\c@MaxMatrixCols=\count198
\dotsspace@=\muskip16
\c@parentequation=\count199
\dspbrk@lvl=\count266
\tag@help=\toks18
\row@=\count267
\column@=\count268
\maxfields@=\count269
\andhelp@=\toks19
\eqnshift@=\dimen144
\alignsep@=\dimen145
\tagshift@=\dimen146
\tagwidth@=\dimen147
\totwidth@=\dimen148
\lineht@=\dimen149
\@envbody=\toks20
\multlinegap=\skip51
\multlinetaggap=\skip52
\mathdisplay@stack=\toks21
LaTeX Info: Redefining \[ on input line 2953.
LaTeX Info: Redefining \] on input line 2954.
) (/usr/share/texmf-dist/tex/latex/amsfonts/amssymb.sty
Package: amssymb 2013/01/14 v3.01 AMS font symbols
(/usr/share/texmf-dist/tex/latex/amsfonts/amsfonts.sty
Package: amsfonts 2013/01/14 v3.01 Basic AMSFonts support
\symAMSa=\mathgroup4
\symAMSb=\mathgroup5
LaTeX Font Info:    Redeclaring math symbol \hbar on input line 98.
LaTeX Font Info:    Overwriting math alphabet `\mathfrak' in version `bold'
(Font)                  U/euf/m/n --> U/euf/b/n on input line 106.
)) (/usr/share/texmf-dist/tex/generic/iftex/iftex.sty
Package: iftex 2022/02/03 v1.0f TeX engine tests
) (/usr/share/texmf-dist/tex/latex/unicode-math/unicode-math.sty (/usr/share/te
xmf-dist/tex/latex/l3kernel/expl3.sty
Package: expl3 2024-02-20 L3 programming layer (loader) 
(/usr/share/texmf-dist/tex/latex/l3backend/l3backend-xetex.def
File: l3backend-xetex.def 2024-02-20 L3 backend support: XeTeX
\g__graphics_track_int=\count270
\l__pdf_internal_box=\box53
\g__pdf_backend_object_int=\count271
\g__pdf_backend_annotation_int=\count272
\g__pdf_backend_link_int=\count273
))
Package: unicode-math 2023/08/13 v0.8r Unicode maths in XeLaTeX and LuaLaTeX
(/usr/share/texmf-dist/tex/latex/unicode-math/unicode-math-xetex.sty
Package: unicode-math-xetex 2023/08/13 v0.8r Unicode maths in XeLaTeX and LuaLa
TeX
(/usr/share/texmf-dist/tex/latex/l3packages/xparse/xparse.sty
Package: xparse 2024-02-18 L3 Experimental document command parser
) (/usr/share/texmf-dist/tex/latex/l3packages/l3keys2e/l3keys2e.sty
Package: l3keys2e 2024-02-18 LaTeX2e option processing using LaTeX3 keys
) (/usr/share/texmf-dist/tex/latex/fontspec/fontspec.sty
Package: fontspec 2024/02/13 v2.9a Font selection for XeLaTeX and LuaLaTeX
(/usr/share/texmf-dist/tex/latex/fontspec/fontspec-xetex.sty
Package: fontspec-xetex 2024/02/13 v2.9a Font selection for XeLaTeX and LuaLaTe
X
\l__fontspec_script_int=\count274
\l__fontspec_language_int=\count275
\l__fontspec_strnum_int=\count276
\l__fontspec_tmp_int=\count277
\l__fontspec_tmpa_int=\count278
\l__fontspec_tmpb_int=\count279
\l__fontspec_tmpc_int=\count280
\l__fontspec_em_int=\count281
\l__fontspec_emdef_int=\count282
\l__fontspec_strong_int=\count283
\l__fontspec_strongdef_int=\count284
\l__fontspec_tmpa_dim=\dimen150
\l__fontspec_tmpb_dim=\dimen151
\l__fontspec_tmpc_dim=\dimen152
(/usr/share/texmf-dist/tex/latex/base/fontenc.sty
Package: fontenc 2021/04/29 v2.0v Standard LaTeX package
) (/usr/share/texmf-dist/tex/latex/fontspec/fontspec.cfg))) (/usr/share/texmf-d
ist/tex/latex/base/fix-cm.sty
Package: fix-cm 2020/11/24 v1.1t fixes to LaTeX
(/usr/share/texmf-dist/tex/latex/base/ts1enc.def
File: ts1enc.def 2001/06/05 v3.0e (jk/car/fm) Standard LaTeX file
LaTeX Font Info:    Redeclaring font encoding TS1 on input line 47.
))
\g__um_fam_int=\count285
\g__um_fonts_used_int=\count286
\l__um_primecount_int=\count287
\g__um_primekern_muskip=\muskip17
(/usr/share/texmf-dist/tex/latex/unicode-math/unicode-math-table.tex))) (/usr/s
hare/texmf-dist/tex/latex/lm/lmodern.sty
Package: lmodern 2015/05/01 v1.6.1 Latin Modern Fonts
LaTeX Font Info:    Overwriting symbol font `operators' in version `normal'
(Font)                  OT1/cmr/m/n --> OT1/lmr/m/n on input line 22.
LaTeX Font Info:    Overwriting symbol font `letters' in version `normal'
(Font)                  OML/cmm/m/it --> OML/lmm/m/it on input line 23.
LaTeX Font Info:    Overwriting symbol font `symbols' in version `normal'
(Font)                  OMS/cmsy/m/n --> OMS/lmsy/m/n on input line 24.
LaTeX Font Info:    Overwriting symbol font `largesymbols' in version `normal'
(Font)                  OMX/cmex/m/n --> OMX/lmex/m/n on input line 25.
LaTeX Font Info:    Overwriting symbol font `operators' in version `bold'
(Font)                  OT1/cmr/bx/n --> OT1/lmr/bx/n on input line 26.
LaTeX Font Info:    Overwriting symbol font `letters' in version `bold'
(Font)                  OML/cmm/b/it --> OML/lmm/b/it on input line 27.
LaTeX Font Info:    Overwriting symbol font `symbols' in version `bold'
(Font)                  OMS/cmsy/b/n --> OMS/lmsy/b/n on input line 28.
LaTeX Font Info:    Overwriting symbol font `largesymbols' in version `bold'
(Font)                  OMX/cmex/m/n --> OMX/lmex/m/n on input line 29.
LaTeX Font Info:    Overwriting math alphabet `\mathbf' in version `normal'
(Font)                  OT1/cmr/bx/n --> OT1/lmr/bx/n on input line 31.
LaTeX Font Info:    Overwriting math alphabet `\mathsf' in version `normal'
(Font)                  OT1/cmss/m/n --> OT1/lmss/m/n on input line 32.
LaTeX Font Info:    Overwriting math alphabet `\mathit' in version `normal'
(Font)                  OT1/cmr/m/it --> OT1/lmr/m/it on input line 33.
LaTeX Font Info:    Overwriting math alphabet `\mathtt' in version `normal'
(Font)                  OT1/cmtt/m/n --> OT1/lmtt/m/n on input line 34.
LaTeX Font Info:    Overwriting math alphabet `\mathbf' in version `bold'
(Font)                  OT1/cmr/bx/n --> OT1/lmr/bx/n on input line 35.
LaTeX Font Info:    Overwriting math alphabet `\mathsf' in version `bold'
(Font)                  OT1/cmss/bx/n --> OT1/lmss/bx/n on input line 36.
LaTeX Font Info:    Overwriting math alphabet `\mathit' in version `bold'
(Font)                  OT1/cmr/bx/it --> OT1/lmr/bx/it on input line 37.
LaTeX Font Info:    Overwriting math alphabet `\mathtt' in version `bold'
(Font)                  OT1/cmtt/m/n --> OT1/lmtt/m/n on input line 38.
) (/usr/share/texmf-dist/tex/latex/upquote/upquote.sty
Package: upquote 2012/04/19 v1.3 upright-quote and grave-accent glyphs in verba
tim
(/usr/share/texmf-dist/tex/latex/base/textcomp.sty
Package: textcomp 2020/02/02 v2.0n Standard LaTeX package
)) (/usr/share/texmf-dist/tex/latex/microtype/microtype.sty
Package: microtype 2023/03/13 v3.1a Micro-typographical refinements (RS)
(/usr/share/texmf-dist/tex/latex/graphics/keyval.sty
Package: keyval 2022/05/29 v1.15 key=value parser (DPC)
\KV@toks@=\toks22
) (/usr/share/texmf-dist/tex/latex/etoolbox/etoolbox.sty
Package: etoolbox 2020/10/05 v2.5k e-TeX tools for LaTeX (JAW)
\etb@tempcnta=\count288
)
\MT@toks=\toks23
\MT@tempbox=\box54
\MT@count=\count289
LaTeX Info: Redefining \noprotrusionifhmode on input line 1059.
LaTeX Info: Redefining \leftprotrusion on input line 1060.
\MT@prot@toks=\toks24
LaTeX Info: Redefining \rightprotrusion on input line 1078.
LaTeX Info: Redefining \textls on input line 1368.
\MT@outer@kern=\dimen153
LaTeX Info: Redefining \textmicrotypecontext on input line 1988.
\MT@listname@count=\count290
(/usr/share/texmf-dist/tex/latex/microtype/microtype-xetex.def
File: microtype-xetex.def 2023/03/13 v3.1a Definitions specific to xetex (RS)
LaTeX Info: Redefining \lsstyle on input line 238.
)
Package microtype Info: Loading configuration file microtype.cfg.
(/usr/share/texmf-dist/tex/latex/microtype/microtype.cfg
File: microtype.cfg 2023/03/13 v3.1a microtype main configuration file (RS)
)) (/usr/share/texmf-dist/tex/latex/parskip/parskip.sty
Package: parskip 2021-03-14 v2.0h non-zero parskip adjustments
(/usr/share/texmf-dist/tex/latex/kvoptions/kvoptions.sty
Package: kvoptions 2022-06-15 v3.15 Key value format for package options (HO)
(/usr/share/texmf-dist/tex/generic/ltxcmds/ltxcmds.sty
Package: ltxcmds 2023-12-04 v1.26 LaTeX kernel commands for general use (HO)
) (/usr/share/texmf-dist/tex/latex/kvsetkeys/kvsetkeys.sty
Package: kvsetkeys 2022-10-05 v1.19 Key value parser (HO)
))) (/usr/share/texmf-dist/tex/latex/xcolor/xcolor.sty
Package: xcolor 2023/11/15 v3.01 LaTeX color extensions (UK)
(/usr/share/texmf-dist/tex/latex/graphics-cfg/color.cfg
File: color.cfg 2016/01/02 v1.6 sample color configuration
)
Package xcolor Info: Driver file: xetex.def on input line 274.
(/usr/share/texmf-dist/tex/latex/graphics-def/xetex.def
File: xetex.def 2022/09/22 v5.0n Graphics/color driver for xetex
) (/usr/share/texmf-dist/tex/latex/graphics/mathcolor.ltx)
Package xcolor Info: Model `cmy' substituted by `cmy0' on input line 1350.
Package xcolor Info: Model `RGB' extended on input line 1366.
Package xcolor Info: Model `HTML' substituted by `rgb' on input line 1368.
Package xcolor Info: Model `Hsb' substituted by `hsb' on input line 1369.
Package xcolor Info: Model `tHsb' substituted by `hsb' on input line 1370.
Package xcolor Info: Model `HSB' substituted by `hsb' on input line 1371.
Package xcolor Info: Model `Gray' substituted by `gray' on input line 1372.
Package xcolor Info: Model `wave' substituted by `hsb' on input line 1373.
) (/usr/share/texmf-dist/tex/latex/geometry/geometry.sty
Package: geometry 2020/01/02 v5.9 Page Geometry
(/usr/share/texmf-dist/tex/generic/iftex/ifvtex.sty
Package: ifvtex 2019/10/25 v1.7 ifvtex legacy package. Use iftex instead.
)
\Gm@cnth=\count291
\Gm@cntv=\count292
\c@Gm@tempcnt=\count293
\Gm@bindingoffset=\dimen154
\Gm@wd@mp=\dimen155
\Gm@odd@mp=\dimen156
\Gm@even@mp=\dimen157
\Gm@layoutwidth=\dimen158
\Gm@layoutheight=\dimen159
\Gm@layouthoffset=\dimen160
\Gm@layoutvoffset=\dimen161
\Gm@dimlist=\toks25
) (/usr/share/texmf-dist/tex/latex/tools/longtable.sty
Package: longtable 2023-11-01 v4.19 Multi-page Table package (DPC)
\LTleft=\skip53
\LTright=\skip54
\LTpre=\skip55
\LTpost=\skip56
\LTchunksize=\count294
\LTcapwidth=\dimen162
\LT@head=\box55
\LT@firsthead=\box56
\LT@foot=\box57
\LT@lastfoot=\box58
\LT@gbox=\box59
\LT@cols=\count295
\LT@rows=\count296
\c@LT@tables=\count297
\c@LT@chunks=\count298
\LT@p@ftn=\toks26
) (/usr/share/texmf-dist/tex/latex/booktabs/booktabs.sty
Package: booktabs 2020/01/12 v1.61803398 Publication quality tables
\heavyrulewidth=\dimen163
\lightrulewidth=\dimen164
\cmidrulewidth=\dimen165
\belowrulesep=\dimen166
\belowbottomsep=\dimen167
\aboverulesep=\dimen168
\abovetopsep=\dimen169
\cmidrulesep=\dimen170
\cmidrulekern=\dimen171
\defaultaddspace=\dimen172
\@cmidla=\count299
\@cmidlb=\count300
\@aboverulesep=\dimen173
\@belowrulesep=\dimen174
\@thisruleclass=\count301
\@lastruleclass=\count302
\@thisrulewidth=\dimen175
) (/usr/share/texmf-dist/tex/latex/tools/array.sty
Package: array 2023/10/16 v2.5g Tabular extension package (FMi)
\col@sep=\dimen176
\ar@mcellbox=\box60
\extrarowheight=\dimen177
\NC@list=\toks27
\extratabsurround=\skip57
\backup@length=\skip58
\ar@cellbox=\box61
) (/usr/share/texmf-dist/tex/latex/tools/calc.sty
Package: calc 2023/07/08 v4.3 Infix arithmetic (KKT,FJ)
\calc@Acount=\count303
\calc@Bcount=\count304
\calc@Adimen=\dimen178
\calc@Bdimen=\dimen179
\calc@Askip=\skip59
\calc@Bskip=\skip60
LaTeX Info: Redefining \setlength on input line 80.
LaTeX Info: Redefining \addtolength on input line 81.
\calc@Ccount=\count305
\calc@Cskip=\skip61
) (/usr/share/texmf-dist/tex/latex/footnotehyper/footnotehyper.sty
Package: footnotehyper 2021/08/13 v1.1e hyperref aware footnote.sty (JFB)
\FNH@notes=\box62
\FNH@width=\dimen180
\FNH@toks=\toks28
) (/usr/share/texmf-dist/tex/latex/graphics/graphicx.sty
Package: graphicx 2021/09/16 v1.2d Enhanced LaTeX Graphics (DPC,SPQR)
(/usr/share/texmf-dist/tex/latex/graphics/graphics.sty
Package: graphics 2022/03/10 v1.4e Standard LaTeX Graphics (DPC,SPQR)
(/usr/share/texmf-dist/tex/latex/graphics/trig.sty
Package: trig 2021/08/11 v1.11 sin cos tan (DPC)
) (/usr/share/texmf-dist/tex/latex/graphics-cfg/graphics.cfg
File: graphics.cfg 2016/06/04 v1.11 sample graphics configuration
)
Package graphics Info: Driver file: xetex.def on input line 107.
)
\Gin@req@height=\dimen181
\Gin@req@width=\dimen182
)
\cslhangindent=\skip62
\csllabelwidth=\skip63
(/usr/share/texmf-dist/tex/latex/polyglossia/polyglossia.sty
Package: polyglossia 2024/03/07 v2.1 Modern multilingual typesetting with XeLaT
eX and LuaLaTeX
(/usr/share/texmf-dist/tex/latex/xkeyval/xkeyval.sty
Package: xkeyval 2022/06/16 v2.9 package option processing (HA)
(/usr/share/texmf-dist/tex/generic/xkeyval/xkeyval.tex (/usr/share/texmf-dist/t
ex/generic/xkeyval/xkvutils.tex
\XKV@toks=\toks29
\XKV@tempa@toks=\toks30
)
\XKV@depth=\count306
File: xkeyval.tex 2014/12/03 v2.7a key=value parser (HA)
)) (/usr/share/texmf-dist/tex/latex/polyglossia/gloss-latex.ldf
File: gloss-latex.ldf polyglossia: module for default language
)
Package polyglossia Info: Default language is latex.
) (/usr/share/texmf-dist/tex/latex/polyglossia/gloss-english.ldf
File: gloss-english.ldf polyglossia: module for English
Package polyglossia Info: Option: English, variant=american.
)
Package polyglossia Info: Default language is english.
(/usr/share/texmf-dist/tex/latex/polyglossia/gloss-armenian.ldf
File: gloss-armenian.ldf polyglossia: module for Armenian
Package polyglossia Info: Option: Armenian, variant=western.
)

Package fontspec Warning: Font "Sylfaen" does not contain requested Script
(fontspec)                "Armenian".


Package fontspec Info: Sylfaen scale = 0.9928958348712217.


Package fontspec Info: Could not resolve font "Sylfaen/BI" (it probably
(fontspec)             doesn't exist).


Package fontspec Info: Could not resolve font "Sylfaen/B" (it probably doesn't
(fontspec)             exist).


Package fontspec Info: Could not resolve font "Sylfaen/I" (it probably doesn't
(fontspec)             exist).


Package fontspec Info: Sylfaen scale = 0.9928958348712217.


Package fontspec Info: Font family 'Sylfaen(0)' created for font 'Sylfaen'
(fontspec)             with options [Scale=MatchLowercase,Script=Armenian].
(fontspec)              
(fontspec)              This font family consists of the following NFSS
(fontspec)             series/shapes:
(fontspec)              
(fontspec)             - 'normal' (m/n) with NFSS spec.:
(fontspec)             <->s*[0.9928958348712217]"Sylfaen/OT:script=latn;languag
e=dflt;"
(fontspec)             - 'small caps'  (m/sc) with NFSS spec.: 

(/usr/share/texmf-dist/tex/latex/multirow/multirow.sty
Package: multirow 2021/03/15 v2.8 Span multiple rows of a table
\multirow@colwidth=\skip64
\multirow@cntb=\count307
\multirow@dima=\skip65
\bigstrutjot=\dimen183
) (/usr/share/texmf-dist/tex/latex/wrapfig/wrapfig.sty
\wrapoverhang=\dimen184
\WF@size=\dimen185
\c@WF@wrappedlines=\count308
\WF@box=\box63
\WF@everypar=\toks31
Package: wrapfig 2003/01/31  v 3.6
) (/usr/share/texmf-dist/tex/latex/float/float.sty
Package: float 2001/11/08 v1.3d Float enhancements (AL)
\c@float@type=\count309
\float@exts=\toks32
\float@box=\box64
\@float@everytoks=\toks33
\@floatcapt=\box65
) (/usr/share/texmf-dist/tex/latex/colortbl/colortbl.sty
Package: colortbl 2024/02/20 v1.0g Color table columns (DPC)
\everycr=\toks34
\minrowclearance=\skip66
\rownum=\count310
) (/usr/share/texmf-dist/tex/latex/pdflscape/pdflscape.sty
Package: pdflscape 2022-10-27 v0.13 Display of landscape pages in PDF
(/usr/share/texmf-dist/tex/latex/pdflscape/pdflscape-nometadata.sty
Package: pdflscape-nometadata 2022-10-28 v0.13 Display of landscape pages in PD
F (HO)
(/usr/share/texmf-dist/tex/latex/graphics/lscape.sty
Package: lscape 2020/05/28 v3.02 Landscape Pages (DPC)
)
Package pdflscape Info: Auto-detected driver: dvipdfm (xetex) on input line 98.

)) (/usr/share/texmf-dist/tex/latex/tabu/tabu.sty
Package: tabu 2019/01/11 v2.9 - flexible LaTeX tabulars (FC+tabu-fixed)
(/usr/share/texmf-dist/tex/latex/varwidth/varwidth.sty
Package: varwidth 2009/03/30 ver 0.92;  Variable-width minipages
\@vwid@box=\box66
\sift@deathcycles=\count311
\@vwid@loff=\dimen186
\@vwid@roff=\dimen187
)
\c@taburow=\count312
\tabu@nbcols=\count313
\tabu@cnt=\count314
\tabu@Xcol=\count315
\tabu@alloc=\count316
\tabu@nested=\count317
\tabu@target=\dimen188
\tabu@spreadtarget=\dimen189
\tabu@naturalX=\dimen190
\tabucolX=\dimen191
\tabu@Xsum=\dimen192
\extrarowdepth=\dimen193
\abovetabulinesep=\dimen194
\belowtabulinesep=\dimen195
\tabustrutrule=\dimen196
\tabu@thebody=\toks35
\tabu@footnotes=\toks36
\tabu@box=\box67
\tabu@arstrutbox=\box68
\tabu@hleads=\box69
\tabu@vleads=\box70
\tabu@cellskip=\skip67
) (/usr/share/texmf-dist/tex/latex/threeparttable/threeparttable.sty
Package: threeparttable 2003/06/13  v 3.0
\@tempboxb=\box71
) (/usr/share/texmf-dist/tex/latex/threeparttablex/threeparttablex.sty
Package: threeparttablex 2013/07/23 v0.3 by daleif
(/usr/share/texmf-dist/tex/latex/environ/environ.sty
Package: environ 2014/05/04 v0.3 A new way to define environments
(/usr/share/texmf-dist/tex/latex/trimspaces/trimspaces.sty
Package: trimspaces 2009/09/17 v1.1 Trim spaces around a token list
))
\TPTL@width=\skip68
) (/usr/share/texmf-dist/tex/generic/ulem/ulem.sty
\UL@box=\box72
\UL@hyphenbox=\box73
\UL@skip=\skip69
\UL@hook=\toks37
\UL@height=\dimen197
\UL@pe=\count318
\UL@pixel=\dimen198
\ULC@box=\box74
Package: ulem 2019/11/18
\ULdepth=\dimen199
) (/usr/share/texmf-dist/tex/latex/makecell/makecell.sty
Package: makecell 2009/08/03 V0.1e Managing of Tab Column Heads and Cells
\rotheadsize=\dimen256
\c@nlinenum=\count319
\TeXr@lab=\toks38
) (/usr/share/texmf-dist/tex/latex/bookmark/bookmark.sty
Package: bookmark 2023-12-10 v1.31 PDF bookmarks (HO)
(/usr/share/texmf-dist/tex/latex/hyperref/hyperref.sty
Package: hyperref 2024-01-20 v7.01h Hypertext links for LaTeX
(/usr/share/texmf-dist/tex/generic/kvdefinekeys/kvdefinekeys.sty
Package: kvdefinekeys 2019-12-19 v1.6 Define keys (HO)
) (/usr/share/texmf-dist/tex/generic/pdfescape/pdfescape.sty
Package: pdfescape 2019/12/09 v1.15 Implements pdfTeX's escape features (HO)
(/usr/share/texmf-dist/tex/generic/pdftexcmds/pdftexcmds.sty
Package: pdftexcmds 2020-06-27 v0.33 Utility functions of pdfTeX for LuaTeX (HO
)
(/usr/share/texmf-dist/tex/generic/infwarerr/infwarerr.sty
Package: infwarerr 2019/12/03 v1.5 Providing info/warning/error messages (HO)
)
Package pdftexcmds Info: \pdf@primitive is available.
Package pdftexcmds Info: \pdf@ifprimitive is available.
Package pdftexcmds Info: \pdfdraftmode not found.
)) (/usr/share/texmf-dist/tex/latex/hycolor/hycolor.sty
Package: hycolor 2020-01-27 v1.10 Color options for hyperref/bookmark (HO)
) (/usr/share/texmf-dist/tex/latex/auxhook/auxhook.sty
Package: auxhook 2019-12-17 v1.6 Hooks for auxiliary files (HO)
) (/usr/share/texmf-dist/tex/latex/hyperref/nameref.sty
Package: nameref 2023-11-26 v2.56 Cross-referencing by name of section
(/usr/share/texmf-dist/tex/latex/refcount/refcount.sty
Package: refcount 2019/12/15 v3.6 Data extraction from label references (HO)
) (/usr/share/texmf-dist/tex/generic/gettitlestring/gettitlestring.sty
Package: gettitlestring 2019/12/15 v1.6 Cleanup title references (HO)
)
\c@section@level=\count320
)
\@linkdim=\dimen257
\Hy@linkcounter=\count321
\Hy@pagecounter=\count322
(/usr/share/texmf-dist/tex/latex/hyperref/pd1enc.def
File: pd1enc.def 2024-01-20 v7.01h Hyperref: PDFDocEncoding definition (HO)
) (/usr/share/texmf-dist/tex/generic/intcalc/intcalc.sty
Package: intcalc 2019/12/15 v1.3 Expandable calculations with integers (HO)
)
\Hy@SavedSpaceFactor=\count323
(/usr/share/texmf-dist/tex/latex/hyperref/puenc.def
File: puenc.def 2024-01-20 v7.01h Hyperref: PDF Unicode definition (HO)
)
Package hyperref Info: Option `unicode' set `true' on input line 4062.
Package hyperref Info: Hyper figures OFF on input line 4179.
Package hyperref Info: Link nesting OFF on input line 4184.
Package hyperref Info: Hyper index ON on input line 4187.
Package hyperref Info: Plain pages OFF on input line 4194.
Package hyperref Info: Backreferencing OFF on input line 4199.
Package hyperref Info: Implicit mode ON; LaTeX internals redefined.
Package hyperref Info: Bookmarks ON on input line 4446.
\c@Hy@tempcnt=\count324
(/usr/share/texmf-dist/tex/latex/url/url.sty
\Urlmuskip=\muskip18
Package: url 2013/09/16  ver 3.4  Verb mode for urls, etc.
)
LaTeX Info: Redefining \url on input line 4784.
\XeTeXLinkMargin=\dimen258
(/usr/share/texmf-dist/tex/generic/bitset/bitset.sty
Package: bitset 2019/12/09 v1.3 Handle bit-vector datatype (HO)
(/usr/share/texmf-dist/tex/generic/bigintcalc/bigintcalc.sty
Package: bigintcalc 2019/12/15 v1.5 Expandable calculations on big integers (HO
)
))
\Fld@menulength=\count325
\Field@Width=\dimen259
\Fld@charsize=\dimen260
Package hyperref Info: Hyper figures OFF on input line 6063.
Package hyperref Info: Link nesting OFF on input line 6068.
Package hyperref Info: Hyper index ON on input line 6071.
Package hyperref Info: backreferencing OFF on input line 6078.
Package hyperref Info: Link coloring OFF on input line 6083.
Package hyperref Info: Link coloring with OCG OFF on input line 6088.
Package hyperref Info: PDF/A mode OFF on input line 6093.
(/usr/share/texmf-dist/tex/latex/base/atbegshi-ltx.sty
Package: atbegshi-ltx 2021/01/10 v1.0c Emulation of the original atbegshi
package with kernel methods
)
\Hy@abspage=\count326
\c@Item=\count327
\c@Hfootnote=\count328
)
Package hyperref Info: Driver (autodetected): hxetex.
(/usr/share/texmf-dist/tex/latex/hyperref/hxetex.def
File: hxetex.def 2024-01-20 v7.01h Hyperref driver for XeTeX
(/usr/share/texmf-dist/tex/generic/stringenc/stringenc.sty
Package: stringenc 2019/11/29 v1.12 Convert strings between diff. encodings (HO
)
)
\pdfm@box=\box75
\c@Hy@AnnotLevel=\count329
\HyField@AnnotCount=\count330
\Fld@listcount=\count331
\c@bookmark@seq@number=\count332
(/usr/share/texmf-dist/tex/latex/rerunfilecheck/rerunfilecheck.sty
Package: rerunfilecheck 2022-07-10 v1.10 Rerun checks for auxiliary files (HO)
(/usr/share/texmf-dist/tex/latex/base/atveryend-ltx.sty
Package: atveryend-ltx 2020/08/19 v1.0a Emulation of the original atveryend pac
kage
with kernel methods
) (/usr/share/texmf-dist/tex/generic/uniquecounter/uniquecounter.sty
Package: uniquecounter 2019/12/15 v1.4 Provide unlimited unique counter (HO)
)
Package uniquecounter Info: New unique counter `rerunfilecheck' on input line 2
85.
)
\Hy@SectionHShift=\skip70
) (/usr/share/texmf-dist/tex/latex/bookmark/bkm-dvipdfm.def
File: bkm-dvipdfm.def 2023-12-10 v1.31 bookmark driver for dvipdfm (HO)
\BKM@id=\count333
)) (/usr/share/texmf-dist/tex/latex/xurl/xurl.sty
Package: xurl 2022/01/09 v 0.10 modify URL breaks
) (./full-revised-manuscript_20250325.aux)
\openout1 = `full-revised-manuscript_20250325.aux'.

LaTeX Font Info:    Checking defaults for OML/cmm/m/it on input line 136.
LaTeX Font Info:    ... okay on input line 136.
LaTeX Font Info:    Checking defaults for OMS/cmsy/m/n on input line 136.
LaTeX Font Info:    ... okay on input line 136.
LaTeX Font Info:    Checking defaults for OT1/cmr/m/n on input line 136.
LaTeX Font Info:    ... okay on input line 136.
LaTeX Font Info:    Checking defaults for T1/cmr/m/n on input line 136.
LaTeX Font Info:    ... okay on input line 136.
LaTeX Font Info:    Checking defaults for TS1/cmr/m/n on input line 136.
LaTeX Font Info:    ... okay on input line 136.
LaTeX Font Info:    Checking defaults for TU/lmr/m/n on input line 136.
LaTeX Font Info:    ... okay on input line 136.
LaTeX Font Info:    Checking defaults for OMX/cmex/m/n on input line 136.
LaTeX Font Info:    ... okay on input line 136.
LaTeX Font Info:    Checking defaults for U/cmr/m/n on input line 136.
LaTeX Font Info:    ... okay on input line 136.
LaTeX Font Info:    Checking defaults for PD1/pdf/m/n on input line 136.
LaTeX Font Info:    ... okay on input line 136.
LaTeX Font Info:    Checking defaults for PU/pdf/m/n on input line 136.
LaTeX Font Info:    ... okay on input line 136.
LaTeX Font Info:    Overwriting math alphabet `\mathrm' in version `normal'
(Font)                  OT1/lmr/m/n --> TU/lmr/m/n on input line 136.
LaTeX Font Info:    Overwriting math alphabet `\mathit' in version `normal'
(Font)                  OT1/lmr/m/it --> TU/lmr/m/it on input line 136.
LaTeX Font Info:    Overwriting math alphabet `\mathbf' in version `normal'
(Font)                  OT1/lmr/bx/n --> TU/lmr/bx/n on input line 136.
LaTeX Font Info:    Overwriting math alphabet `\mathsf' in version `normal'
(Font)                  OT1/lmss/m/n --> TU/lmss/m/n on input line 136.
LaTeX Font Info:    Overwriting math alphabet `\mathsf' in version `bold'
(Font)                  OT1/lmss/bx/n --> TU/lmss/bx/n on input line 136.
LaTeX Font Info:    Overwriting math alphabet `\mathtt' in version `normal'
(Font)                  OT1/lmtt/m/n --> TU/lmtt/m/n on input line 136.
LaTeX Font Info:    Overwriting math alphabet `\mathtt' in version `bold'
(Font)                  OT1/lmtt/m/n --> TU/lmtt/bx/n on input line 136.

Package fontspec Info: latinmodern-math scale = 0.9999964596882403.


Package fontspec Info: latinmodern-math scale = 0.9999964596882403.


Package fontspec Info: latinmodern-math scale = 0.9999964596882403.


Package fontspec Info: Font family 'latinmodern-math.otf(0)' created for font
(fontspec)             'latinmodern-math.otf' with options
(fontspec)             [Scale=MatchLowercase,BoldItalicFont={},ItalicFont={},Sm
allCapsFont={},Script=Math,BoldFont={latinmodern-math.otf}].
(fontspec)              
(fontspec)              This font family consists of the following NFSS
(fontspec)             series/shapes:
(fontspec)              
(fontspec)             - 'normal' (m/n) with NFSS spec.:
(fontspec)             <->s*[0.9999964596882403]"[latinmodern-math.otf]/OT:scri
pt=math;language=dflt;"
(fontspec)             - 'small caps'  (m/sc) with NFSS spec.: 
(fontspec)             - 'bold' (b/n) with NFSS spec.:
(fontspec)             <->s*[0.9999964596882403]"[latinmodern-math.otf]/OT:scri
pt=math;language=dflt;"
(fontspec)             - 'bold small caps'  (b/sc) with NFSS spec.: 

LaTeX Font Info:    Font shape `TU/latinmodern-math.otf(0)/m/n' will be
(Font)              scaled to size 10.0pt on input line 136.

Package fontspec Info: latinmodern-math scale = 0.9999964596882403.


Package fontspec Info: latinmodern-math scale = 0.9999964596882403.


Package fontspec Info: latinmodern-math scale = 0.9999964596882403.


Package fontspec Info: latinmodern-math scale = 0.9999964596882403.


Package fontspec Info: latinmodern-math scale = 0.9999964596882403.


Package fontspec Info: Font family 'latinmodern-math.otf(1)' created for font
(fontspec)             'latinmodern-math.otf' with options
(fontspec)             [Scale=MatchLowercase,BoldItalicFont={},ItalicFont={},Sm
allCapsFont={},Script=Math,SizeFeatures={{Size=8.5-},{Size=6-8.5,Font=latinmode
rn-math.otf,Style=MathScript},{Size=-6,Font=latinmodern-math.otf,Style=MathScri
ptScript}},BoldFont={latinmodern-math.otf}].
(fontspec)              
(fontspec)              This font family consists of the following NFSS
(fontspec)             series/shapes:
(fontspec)              
(fontspec)             - 'normal' (m/n) with NFSS spec.:
(fontspec)             <8.5->s*[0.9999964596882403]"[latinmodern-math.otf]/OT:s
cript=math;language=dflt;"<6-8.5>s*[0.9999964596882403]"[latinmodern-math.otf]/
OT:script=math;language=dflt;+ssty=0;"<-6>s*[0.9999964596882403]"[latinmodern-m
ath.otf]/OT:script=math;language=dflt;+ssty=1;"
(fontspec)             - 'small caps'  (m/sc) with NFSS spec.: 
(fontspec)             - 'bold' (b/n) with NFSS spec.:
(fontspec)             <->s*[0.9999964596882403]"[latinmodern-math.otf]/OT:scri
pt=math;language=dflt;"
(fontspec)             - 'bold small caps'  (b/sc) with NFSS spec.: 

LaTeX Font Info:    Font shape `TU/latinmodern-math.otf(1)/m/n' will be
(Font)              scaled to size 10.0pt on input line 136.
LaTeX Font Info:    Encoding `OT1' has changed to `TU' for symbol font
(Font)              `operators' in the math version `normal' on input line 136.

LaTeX Font Info:    Overwriting symbol font `operators' in version `normal'
(Font)                  OT1/lmr/m/n --> TU/latinmodern-math.otf(1)/m/n on input
 line 136.
LaTeX Font Info:    Encoding `OT1' has changed to `TU' for symbol font
(Font)              `operators' in the math version `bold' on input line 136.
LaTeX Font Info:    Overwriting symbol font `operators' in version `bold'
(Font)                  OT1/lmr/bx/n --> TU/latinmodern-math.otf(1)/b/n on inpu
t line 136.

Package fontspec Info: latinmodern-math scale = 0.9999964596882403.


Package fontspec Info: latinmodern-math scale = 1.000096459334209.


Package fontspec Info: latinmodern-math scale = 0.9999964596882403.


Package fontspec Info: latinmodern-math scale = 1.000096459334209.


Package fontspec Info: latinmodern-math scale = 0.9999964596882403.


Package fontspec Info: latinmodern-math scale = 1.000096459334209.


Package fontspec Info: latinmodern-math scale = 0.9999964596882403.


Package fontspec Info: latinmodern-math scale = 1.000096459334209.


Package fontspec Info: latinmodern-math scale = 0.9999964596882403.


Package fontspec Info: latinmodern-math scale = 1.000096459334209.


Package fontspec Info: Font family 'latinmodern-math.otf(2)' created for font
(fontspec)             'latinmodern-math.otf' with options
(fontspec)             [Scale=MatchLowercase,BoldItalicFont={},ItalicFont={},Sm
allCapsFont={},Script=Math,SizeFeatures={{Size=8.5-},{Size=6-8.5,Font=latinmode
rn-math.otf,Style=MathScript},{Size=-6,Font=latinmodern-math.otf,Style=MathScri
ptScript}},BoldFont={latinmodern-math.otf},ScaleAgain=1.0001,FontAdjustment={\f
ontdimen
(fontspec)             8\font =6.77pt\relax \fontdimen 9\font =3.94pt\relax
(fontspec)             \fontdimen 10\font =4.44pt\relax \fontdimen 11\font
(fontspec)             =6.86pt\relax \fontdimen 12\font =3.45pt\relax
(fontspec)             \fontdimen 13\font =3.63pt\relax \fontdimen 14\font
(fontspec)             =3.63pt\relax \fontdimen 15\font =2.89pt\relax
(fontspec)             \fontdimen 16\font =2.47pt\relax \fontdimen 17\font
(fontspec)             =2.47pt\relax \fontdimen 18\font =2.5pt\relax
(fontspec)             \fontdimen 19\font =2.0pt\relax \fontdimen 22\font
(fontspec)             =2.5pt\relax \fontdimen 20\font =0pt\relax \fontdimen
(fontspec)             21\font =0pt\relax }].
(fontspec)              
(fontspec)              This font family consists of the following NFSS
(fontspec)             series/shapes:
(fontspec)              
(fontspec)             - 'normal' (m/n) with NFSS spec.:
(fontspec)             <8.5->s*[1.000096459334209]"[latinmodern-math.otf]/OT:sc
ript=math;language=dflt;"<6-8.5>s*[1.000096459334209]"[latinmodern-math.otf]/OT
:script=math;language=dflt;+ssty=0;"<-6>s*[1.000096459334209]"[latinmodern-math
.otf]/OT:script=math;language=dflt;+ssty=1;"
(fontspec)             - 'small caps'  (m/sc) with NFSS spec.: 
(fontspec)             and font adjustment code:
(fontspec)             \fontdimen 8\font =6.77pt\relax \fontdimen 9\font
(fontspec)             =3.94pt\relax \fontdimen 10\font =4.44pt\relax
(fontspec)             \fontdimen 11\font =6.86pt\relax \fontdimen 12\font
(fontspec)             =3.45pt\relax \fontdimen 13\font =3.63pt\relax
(fontspec)             \fontdimen 14\font =3.63pt\relax \fontdimen 15\font
(fontspec)             =2.89pt\relax \fontdimen 16\font =2.47pt\relax
(fontspec)             \fontdimen 17\font =2.47pt\relax \fontdimen 18\font
(fontspec)             =2.5pt\relax \fontdimen 19\font =2.0pt\relax \fontdimen
(fontspec)             22\font =2.5pt\relax \fontdimen 20\font =0pt\relax
(fontspec)             \fontdimen 21\font =0pt\relax 
(fontspec)             - 'bold' (b/n) with NFSS spec.:
(fontspec)             <->s*[1.000096459334209]"[latinmodern-math.otf]/OT:scrip
t=math;language=dflt;"
(fontspec)             - 'bold small caps'  (b/sc) with NFSS spec.: 
(fontspec)             and font adjustment code:
(fontspec)             \fontdimen 8\font =6.77pt\relax \fontdimen 9\font
(fontspec)             =3.94pt\relax \fontdimen 10\font =4.44pt\relax
(fontspec)             \fontdimen 11\font =6.86pt\relax \fontdimen 12\font
(fontspec)             =3.45pt\relax \fontdimen 13\font =3.63pt\relax
(fontspec)             \fontdimen 14\font =3.63pt\relax \fontdimen 15\font
(fontspec)             =2.89pt\relax \fontdimen 16\font =2.47pt\relax
(fontspec)             \fontdimen 17\font =2.47pt\relax \fontdimen 18\font
(fontspec)             =2.5pt\relax \fontdimen 19\font =2.0pt\relax \fontdimen
(fontspec)             22\font =2.5pt\relax \fontdimen 20\font =0pt\relax
(fontspec)             \fontdimen 21\font =0pt\relax 

LaTeX Font Info:    Encoding `OMS' has changed to `TU' for symbol font
(Font)              `symbols' in the math version `normal' on input line 136.
LaTeX Font Info:    Overwriting symbol font `symbols' in version `normal'
(Font)                  OMS/lmsy/m/n --> TU/latinmodern-math.otf(2)/m/n on inpu
t line 136.
LaTeX Font Info:    Encoding `OMS' has changed to `TU' for symbol font
(Font)              `symbols' in the math version `bold' on input line 136.
LaTeX Font Info:    Overwriting symbol font `symbols' in version `bold'
(Font)                  OMS/lmsy/b/n --> TU/latinmodern-math.otf(2)/b/n on inpu
t line 136.

Package fontspec Info: latinmodern-math scale = 0.9999964596882403.


Package fontspec Info: latinmodern-math scale = 0.9998964600422715.


Package fontspec Info: latinmodern-math scale = 0.9999964596882403.


Package fontspec Info: latinmodern-math scale = 0.9998964600422715.


Package fontspec Info: latinmodern-math scale = 0.9999964596882403.


Package fontspec Info: latinmodern-math scale = 0.9998964600422715.


Package fontspec Info: latinmodern-math scale = 0.9999964596882403.


Package fontspec Info: latinmodern-math scale = 0.9998964600422715.


Package fontspec Info: latinmodern-math scale = 0.9999964596882403.


Package fontspec Info: latinmodern-math scale = 0.9998964600422715.


Package fontspec Info: Font family 'latinmodern-math.otf(3)' created for font
(fontspec)             'latinmodern-math.otf' with options
(fontspec)             [Scale=MatchLowercase,BoldItalicFont={},ItalicFont={},Sm
allCapsFont={},Script=Math,SizeFeatures={{Size=8.5-},{Size=6-8.5,Font=latinmode
rn-math.otf,Style=MathScript},{Size=-6,Font=latinmodern-math.otf,Style=MathScri
ptScript}},BoldFont={latinmodern-math.otf},ScaleAgain=0.9999,FontAdjustment={\f
ontdimen
(fontspec)             8\font =0.4pt\relax \fontdimen 9\font =2.0pt\relax
(fontspec)             \fontdimen 10\font =1.67pt\relax \fontdimen 11\font
(fontspec)             =1.11pt\relax \fontdimen 12\font =6.0pt\relax
(fontspec)             \fontdimen 13\font =0pt\relax }].
(fontspec)              
(fontspec)              This font family consists of the following NFSS
(fontspec)             series/shapes:
(fontspec)              
(fontspec)             - 'normal' (m/n) with NFSS spec.:
(fontspec)             <8.5->s*[0.9998964600422715]"[latinmodern-math.otf]/OT:s
cript=math;language=dflt;"<6-8.5>s*[0.9998964600422715]"[latinmodern-math.otf]/
OT:script=math;language=dflt;+ssty=0;"<-6>s*[0.9998964600422715]"[latinmodern-m
ath.otf]/OT:script=math;language=dflt;+ssty=1;"
(fontspec)             - 'small caps'  (m/sc) with NFSS spec.: 
(fontspec)             and font adjustment code:
(fontspec)             \fontdimen 8\font =0.4pt\relax \fontdimen 9\font
(fontspec)             =2.0pt\relax \fontdimen 10\font =1.67pt\relax
(fontspec)             \fontdimen 11\font =1.11pt\relax \fontdimen 12\font
(fontspec)             =6.0pt\relax \fontdimen 13\font =0pt\relax 
(fontspec)             - 'bold' (b/n) with NFSS spec.:
(fontspec)             <->s*[0.9998964600422715]"[latinmodern-math.otf]/OT:scri
pt=math;language=dflt;"
(fontspec)             - 'bold small caps'  (b/sc) with NFSS spec.: 
(fontspec)             and font adjustment code:
(fontspec)             \fontdimen 8\font =0.4pt\relax \fontdimen 9\font
(fontspec)             =2.0pt\relax \fontdimen 10\font =1.67pt\relax
(fontspec)             \fontdimen 11\font =1.11pt\relax \fontdimen 12\font
(fontspec)             =6.0pt\relax \fontdimen 13\font =0pt\relax 

LaTeX Font Info:    Encoding `OMX' has changed to `TU' for symbol font
(Font)              `largesymbols' in the math version `normal' on input line 1
36.
LaTeX Font Info:    Overwriting symbol font `largesymbols' in version `normal'
(Font)                  OMX/lmex/m/n --> TU/latinmodern-math.otf(3)/m/n on inpu
t line 136.
LaTeX Font Info:    Encoding `OMX' has changed to `TU' for symbol font
(Font)              `largesymbols' in the math version `bold' on input line 136
.
LaTeX Font Info:    Overwriting symbol font `largesymbols' in version `bold'
(Font)                  OMX/lmex/m/n --> TU/latinmodern-math.otf(3)/b/n on inpu
t line 136.
LaTeX Info: Redefining \microtypecontext on input line 136.
Package microtype Info: Applying patch `item' on input line 136.
Package microtype Info: Applying patch `toc' on input line 136.
Package microtype Info: Applying patch `eqnum' on input line 136.
Package microtype Info: Applying patch `footnote' on input line 136.
Package microtype Info: Applying patch `verbatim' on input line 136.
Package microtype Info: Character protrusion enabled (level 2).
Package microtype Info: Using protrusion set `basicmath'.
Package microtype Info: No adjustment of tracking.
Package microtype Info: No adjustment of spacing.
Package microtype Info: No adjustment of kerning.
(/usr/share/texmf-dist/tex/latex/microtype/mt-LatinModernRoman.cfg
File: mt-LatinModernRoman.cfg 2021/02/21 v1.1 microtype config. file: Latin Mod
ern Roman (RS)
)
*geometry* driver: auto-detecting
*geometry* detected driver: xetex
*geometry* verbose mode - [ preamble ] result:
* driver: xetex
* paper: <default>
* layout: <same size as paper>
* layoutoffset:(h,v)=(0.0pt,0.0pt)
* modes: 
* h-part:(L,W,R)=(72.26999pt, 469.75502pt, 72.26999pt)
* v-part:(T,H,B)=(72.26999pt, 650.43001pt, 72.26999pt)
* \paperwidth=614.295pt
* \paperheight=794.96999pt
* \textwidth=469.75502pt
* \textheight=650.43001pt
* \oddsidemargin=0.0pt
* \evensidemargin=0.0pt
* \topmargin=-37.0pt
* \headheight=12.0pt
* \headsep=25.0pt
* \topskip=10.0pt
* \footskip=30.0pt
* \marginparwidth=65.0pt
* \marginparsep=11.0pt
* \columnsep=10.0pt
* \skip\footins=9.0pt plus 4.0pt minus 2.0pt
* \hoffset=0.0pt
* \voffset=0.0pt
* \mag=1000
* \@twocolumnfalse
* \@twosidefalse
* \@mparswitchfalse
* \@reversemarginfalse
* (1in=72.27pt=25.4mm, 1cm=28.453pt)

Package hyperref Info: Link coloring OFF on input line 136.
LaTeX Info: Redefining \rmfamily on input line 136.
LaTeX Info: Redefining \sffamily on input line 136.
LaTeX Info: Redefining \ttfamily on input line 136.
LaTeX Font Info:    Font shape `TU/latinmodern-math.otf(1)/m/n' will be
(Font)              scaled to size 12.0pt on input line 138.
LaTeX Font Info:    Font shape `TU/latinmodern-math.otf(1)/m/n' will be
(Font)              scaled to size 8.0pt on input line 138.
LaTeX Font Info:    Font shape `TU/latinmodern-math.otf(1)/m/n' will be
(Font)              scaled to size 6.0pt on input line 138.
LaTeX Font Info:    Trying to load font information for OML+lmm on input line 1
38.
(/usr/share/texmf-dist/tex/latex/lm/omllmm.fd
File: omllmm.fd 2015/05/01 v1.6.1 Font defs for Latin Modern
)
LaTeX Font Info:    Font shape `TU/latinmodern-math.otf(2)/m/n' will be
(Font)              scaled to size 12.0011pt on input line 138.
LaTeX Font Info:    Font shape `TU/latinmodern-math.otf(2)/m/n' will be
(Font)              scaled to size 8.00073pt on input line 138.
LaTeX Font Info:    Font shape `TU/latinmodern-math.otf(2)/m/n' will be
(Font)              scaled to size 6.00055pt on input line 138.
LaTeX Font Info:    Font shape `TU/latinmodern-math.otf(3)/m/n' will be
(Font)              scaled to size 11.99872pt on input line 138.
LaTeX Font Info:    Font shape `TU/latinmodern-math.otf(3)/m/n' will be
(Font)              scaled to size 7.99915pt on input line 138.
LaTeX Font Info:    Font shape `TU/latinmodern-math.otf(3)/m/n' will be
(Font)              scaled to size 5.99936pt on input line 138.
LaTeX Font Info:    Trying to load font information for U+msa on input line 138
.
(/usr/share/texmf-dist/tex/latex/amsfonts/umsa.fd
File: umsa.fd 2013/01/14 v3.01 AMS symbols A
) (/usr/share/texmf-dist/tex/latex/microtype/mt-msa.cfg
File: mt-msa.cfg 2006/02/04 v1.1 microtype config. file: AMS symbols (a) (RS)
)
LaTeX Font Info:    Trying to load font information for U+msb on input line 138
.
(/usr/share/texmf-dist/tex/latex/amsfonts/umsb.fd
File: umsb.fd 2013/01/14 v3.01 AMS symbols B
) (/usr/share/texmf-dist/tex/latex/microtype/mt-msb.cfg
File: mt-msb.cfg 2005/06/01 v1.0 microtype config. file: AMS symbols (b) (RS)
) (./full-revised-manuscript_20250325.toc
LaTeX Info: Redefining \rmfamily on input line 1.
LaTeX Info: Redefining \sffamily on input line 1.
LaTeX Info: Redefining \ttfamily on input line 1.
LaTeX Font Info:    Font shape `TU/latinmodern-math.otf(1)/m/n' will be
(Font)              scaled to size 7.0pt on input line 20.
LaTeX Font Info:    Font shape `TU/latinmodern-math.otf(1)/m/n' will be
(Font)              scaled to size 5.0pt on input line 20.
LaTeX Font Info:    Font shape `TU/latinmodern-math.otf(2)/m/n' will be
(Font)              scaled to size 10.00092pt on input line 20.
LaTeX Font Info:    Font shape `TU/latinmodern-math.otf(2)/m/n' will be
(Font)              scaled to size 7.00064pt on input line 20.
LaTeX Font Info:    Font shape `TU/latinmodern-math.otf(2)/m/n' will be
(Font)              scaled to size 5.00046pt on input line 20.
LaTeX Font Info:    Font shape `TU/latinmodern-math.otf(3)/m/n' will be
(Font)              scaled to size 9.99893pt on input line 20.
LaTeX Font Info:    Font shape `TU/latinmodern-math.otf(3)/m/n' will be
(Font)              scaled to size 6.99925pt on input line 20.
LaTeX Font Info:    Font shape `TU/latinmodern-math.otf(3)/m/n' will be
(Font)              scaled to size 4.99947pt on input line 20.
)
\tf@toc=\write3
\openout3 = `full-revised-manuscript_20250325.toc'.

[1

]
Missing character: There is no Д (U+0414) in font [lmroman10-regular]:mapping=t
ex-text;!
Missing character: There is no у (U+0443) in font [lmroman10-regular]:mapping=t
ex-text;!
Missing character: There is no н (U+043D) in font [lmroman10-regular]:mapping=t
ex-text;!
Missing character: There is no а (U+0430) in font [lmroman10-regular]:mapping=t
ex-text;!
Missing character: There is no м (U+043C) in font [lmroman10-regular]:mapping=t
ex-text;!
Missing character: There is no а (U+0430) in font [lmroman10-regular]:mapping=t
ex-text;!
Missing character: There is no л (U+043B) in font [lmroman10-regular]:mapping=t
ex-text;!
Missing character: There is no я (U+044F) in font [lmroman10-regular]:mapping=t
ex-text;!
Missing character: There is no н (U+043D) in font [lmroman10-regular]:mapping=t
ex-text;!
Missing character: There is no Д (U+0414) in font [lmroman10-regular]:mapping=t
ex-text;!
Missing character: There is no а (U+0430) in font [lmroman10-regular]:mapping=t
ex-text;!
Missing character: There is no в (U+0432) in font [lmroman10-regular]:mapping=t
ex-text;!
Missing character: There is no т (U+0442) in font [lmroman10-regular]:mapping=t
ex-text;!
Missing character: There is no я (U+044F) in font [lmroman10-regular]:mapping=t
ex-text;!
Missing character: There is no н (U+043D) in font [lmroman10-regular]:mapping=t
ex-text;!
Missing character: There is no Т (U+0422) in font [lmroman10-regular]:mapping=t
ex-text;!
Missing character: There is no а (U+0430) in font [lmroman10-regular]:mapping=t
ex-text;!
Missing character: There is no в (U+0432) in font [lmroman10-regular]:mapping=t
ex-text;!
Missing character: There is no а (U+0430) in font [lmroman10-regular]:mapping=t
ex-text;!
Missing character: There is no д (U+0434) in font [lmroman10-regular]:mapping=t
ex-text;!
Missing character: There is no я (U+044F) in font [lmroman10-regular]:mapping=t
ex-text;!
Missing character: There is no н (U+043D) in font [lmroman10-regular]:mapping=t
ex-text;!
Missing character: There is no Б (U+0411) in font [lmroman10-regular]:mapping=t
ex-text;!
Missing character: There is no р (U+0440) in font [lmroman10-regular]:mapping=t
ex-text;!
Missing character: There is no у (U+0443) in font [lmroman10-regular]:mapping=t
ex-text;!
Missing character: There is no е (U+0435) in font [lmroman10-regular]:mapping=t
ex-text;!
Missing character: There is no в (U+0432) in font [lmroman10-regular]:mapping=t
ex-text;!
Missing character: There is no а (U+0430) in font [lmroman10-regular]:mapping=t
ex-text;!
[2]
Missing character: There is no Б (U+0411) in font [lmroman10-regular]:mapping=t
ex-text;!
Missing character: There is no р (U+0440) in font [lmroman10-regular]:mapping=t
ex-text;!
Missing character: There is no у (U+0443) in font [lmroman10-regular]:mapping=t
ex-text;!
Missing character: There is no е (U+0435) in font [lmroman10-regular]:mapping=t
ex-text;!
Missing character: There is no в (U+0432) in font [lmroman10-regular]:mapping=t
ex-text;!
Missing character: There is no а (U+0430) in font [lmroman10-regular]:mapping=t
ex-text;!
Missing character: There is no Б (U+0411) in font [lmroman10-regular]:mapping=t
ex-text;!
Missing character: There is no р (U+0440) in font [lmroman10-regular]:mapping=t
ex-text;!
Missing character: There is no у (U+0443) in font [lmroman10-regular]:mapping=t
ex-text;!
Missing character: There is no е (U+0435) in font [lmroman10-regular]:mapping=t
ex-text;!
Missing character: There is no в (U+0432) in font [lmroman10-regular]:mapping=t
ex-text;!
Missing character: There is no а (U+0430) in font [lmroman10-regular]:mapping=t
ex-text;!
[3] [4] [5] [6]
Missing character: There is no Д (U+0414) in font [lmroman10-regular]:mapping=t
ex-text;!
Missing character: There is no у (U+0443) in font [lmroman10-regular]:mapping=t
ex-text;!
Missing character: There is no н (U+043D) in font [lmroman10-regular]:mapping=t
ex-text;!
Missing character: There is no а (U+0430) in font [lmroman10-regular]:mapping=t
ex-text;!
Missing character: There is no м (U+043C) in font [lmroman10-regular]:mapping=t
ex-text;!
Missing character: There is no а (U+0430) in font [lmroman10-regular]:mapping=t
ex-text;!
Missing character: There is no л (U+043B) in font [lmroman10-regular]:mapping=t
ex-text;!
Missing character: There is no я (U+044F) in font [lmroman10-regular]:mapping=t
ex-text;!
Missing character: There is no н (U+043D) in font [lmroman10-regular]:mapping=t
ex-text;!
Missing character: There is no Д (U+0414) in font [lmroman10-regular]:mapping=t
ex-text;!
Missing character: There is no а (U+0430) in font [lmroman10-regular]:mapping=t
ex-text;!
Missing character: There is no в (U+0432) in font [lmroman10-regular]:mapping=t
ex-text;!
Missing character: There is no т (U+0442) in font [lmroman10-regular]:mapping=t
ex-text;!
Missing character: There is no я (U+044F) in font [lmroman10-regular]:mapping=t
ex-text;!
Missing character: There is no н (U+043D) in font [lmroman10-regular]:mapping=t
ex-text;!
Missing character: There is no Т (U+0422) in font [lmroman10-regular]:mapping=t
ex-text;!
Missing character: There is no а (U+0430) in font [lmroman10-regular]:mapping=t
ex-text;!
Missing character: There is no в (U+0432) in font [lmroman10-regular]:mapping=t
ex-text;!
Missing character: There is no а (U+0430) in font [lmroman10-regular]:mapping=t
ex-text;!
Missing character: There is no д (U+0434) in font [lmroman10-regular]:mapping=t
ex-text;!
Missing character: There is no я (U+044F) in font [lmroman10-regular]:mapping=t
ex-text;!
Missing character: There is no н (U+043D) in font [lmroman10-regular]:mapping=t
ex-text;!
File: full-revised-manuscript_20250325_files/figure-latex/diagnostic_plots-1.pd
f Graphic file (type pdf)
<use full-revised-manuscript_20250325_files/figure-latex/diagnostic_plots-1.pdf
>
[7] [8]
File: full-revised-manuscript_20250325_files/figure-latex/income_distribution_p
lot-1.pdf Graphic file (type pdf)
<use full-revised-manuscript_20250325_files/figure-latex/income_distribution_pl
ot-1.pdf>
[9]
File: full-revised-manuscript_20250325_files/figure-latex/regional_disparity_pl
ot-1.pdf Graphic file (type pdf)
<use full-revised-manuscript_20250325_files/figure-latex/regional_disparity_plo
t-1.pdf>
[10]
Missing character: There is no Д (U+0414) in font [lmroman10-regular]:mapping=t
ex-text;!
Missing character: There is no у (U+0443) in font [lmroman10-regular]:mapping=t
ex-text;!
Missing character: There is no н (U+043D) in font [lmroman10-regular]:mapping=t
ex-text;!
Missing character: There is no а (U+0430) in font [lmroman10-regular]:mapping=t
ex-text;!
Missing character: There is no м (U+043C) in font [lmroman10-regular]:mapping=t
ex-text;!
Missing character: There is no а (U+0430) in font [lmroman10-regular]:mapping=t
ex-text;!
Missing character: There is no л (U+043B) in font [lmroman10-regular]:mapping=t
ex-text;!
Missing character: There is no я (U+044F) in font [lmroman10-regular]:mapping=t
ex-text;!
Missing character: There is no н (U+043D) in font [lmroman10-regular]:mapping=t
ex-text;!
Missing character: There is no Д (U+0414) in font [lmroman10-regular]:mapping=t
ex-text;!
Missing character: There is no а (U+0430) in font [lmroman10-regular]:mapping=t
ex-text;!
Missing character: There is no в (U+0432) in font [lmroman10-regular]:mapping=t
ex-text;!
Missing character: There is no т (U+0442) in font [lmroman10-regular]:mapping=t
ex-text;!
Missing character: There is no я (U+044F) in font [lmroman10-regular]:mapping=t
ex-text;!
Missing character: There is no н (U+043D) in font [lmroman10-regular]:mapping=t
ex-text;!
Missing character: There is no Т (U+0422) in font [lmroman10-regular]:mapping=t
ex-text;!
Missing character: There is no а (U+0430) in font [lmroman10-regular]:mapping=t
ex-text;!
Missing character: There is no в (U+0432) in font [lmroman10-regular]:mapping=t
ex-text;!
Missing character: There is no а (U+0430) in font [lmroman10-regular]:mapping=t
ex-text;!
Missing character: There is no д (U+0434) in font [lmroman10-regular]:mapping=t
ex-text;!
Missing character: There is no я (U+044F) in font [lmroman10-regular]:mapping=t
ex-text;!
Missing character: There is no н (U+043D) in font [lmroman10-regular]:mapping=t
ex-text;!
File: full-revised-manuscript_20250325_files/figure-latex/income_distribution_p
lot_2-1.pdf Graphic file (type pdf)
<use full-revised-manuscript_20250325_files/figure-latex/income_distribution_pl
ot_2-1.pdf>
[11] [12]
Missing character: There is no Б (U+0411) in font [lmroman10-regular]:mapping=t
ex-text;!
Missing character: There is no р (U+0440) in font [lmroman10-regular]:mapping=t
ex-text;!
Missing character: There is no у (U+0443) in font [lmroman10-regular]:mapping=t
ex-text;!
Missing character: There is no е (U+0435) in font [lmroman10-regular]:mapping=t
ex-text;!
Missing character: There is no в (U+0432) in font [lmroman10-regular]:mapping=t
ex-text;!
Missing character: There is no а (U+0430) in font [lmroman10-regular]:mapping=t
ex-text;!
[13] [14] [15] [16]
Missing character: There is no Օ (U+0555) in font [lmroman10-regular]:mapping=t
ex-text;!
Missing character: There is no Հ (U+0540) in font [lmroman10-italic]:mapping=te
x-text;!
Missing character: There is no ա (U+0561) in font [lmroman10-italic]:mapping=te
x-text;!
Missing character: There is no յ (U+0575) in font [lmroman10-italic]:mapping=te
x-text;!
Missing character: There is no կ (U+056F) in font [lmroman10-italic]:mapping=te
x-text;!
Missing character: There is no ա (U+0561) in font [lmroman10-italic]:mapping=te
x-text;!
Missing character: There is no կ (U+056F) in font [lmroman10-italic]:mapping=te
x-text;!
Missing character: There is no ա (U+0561) in font [lmroman10-italic]:mapping=te
x-text;!
Missing character: There is no ն (U+0576) in font [lmroman10-italic]:mapping=te
x-text;!
Missing character: There is no Տ (U+054F) in font [lmroman10-italic]:mapping=te
x-text;!
Missing character: There is no ն (U+0576) in font [lmroman10-italic]:mapping=te
x-text;!
Missing character: There is no տ (U+057F) in font [lmroman10-italic]:mapping=te
x-text;!
Missing character: There is no ե (U+0565) in font [lmroman10-italic]:mapping=te
x-text;!
Missing character: There is no ս (U+057D) in font [lmroman10-italic]:mapping=te
x-text;!
Missing character: There is no ա (U+0561) in font [lmroman10-italic]:mapping=te
x-text;!
Missing character: There is no գ (U+0563) in font [lmroman10-italic]:mapping=te
x-text;!
Missing character: There is no ի (U+056B) in font [lmroman10-italic]:mapping=te
x-text;!
Missing character: There is no տ (U+057F) in font [lmroman10-italic]:mapping=te
x-text;!
Missing character: There is no ա (U+0561) in font [lmroman10-italic]:mapping=te
x-text;!
Missing character: There is no կ (U+056F) in font [lmroman10-italic]:mapping=te
x-text;!
Missing character: There is no ա (U+0561) in font [lmroman10-italic]:mapping=te
x-text;!
Missing character: There is no ն (U+0576) in font [lmroman10-italic]:mapping=te
x-text;!
Missing character: There is no Հ (U+0540) in font [lmroman10-italic]:mapping=te
x-text;!
Missing character: There is no ա (U+0561) in font [lmroman10-italic]:mapping=te
x-text;!
Missing character: There is no ն (U+0576) in font [lmroman10-italic]:mapping=te
x-text;!
Missing character: There is no դ (U+0564) in font [lmroman10-italic]:mapping=te
x-text;!
Missing character: There is no ե (U+0565) in font [lmroman10-italic]:mapping=te
x-text;!
Missing character: There is no ս (U+057D) in font [lmroman10-italic]:mapping=te
x-text;!
Missing character: There is no А (U+0410) in font [lmroman10-italic]:mapping=te
x-text;!
Missing character: There is no р (U+0440) in font [lmroman10-italic]:mapping=te
x-text;!
Missing character: There is no м (U+043C) in font [lmroman10-italic]:mapping=te
x-text;!
Missing character: There is no я (U+044F) in font [lmroman10-italic]:mapping=te
x-text;!
Missing character: There is no н (U+043D) in font [lmroman10-italic]:mapping=te
x-text;!
Missing character: There is no с (U+0441) in font [lmroman10-italic]:mapping=te
x-text;!
Missing character: There is no к (U+043A) in font [lmroman10-italic]:mapping=te
x-text;!
Missing character: There is no и (U+0438) in font [lmroman10-italic]:mapping=te
x-text;!
Missing character: There is no й (U+0439) in font [lmroman10-italic]:mapping=te
x-text;!
Missing character: There is no Э (U+042D) in font [lmroman10-italic]:mapping=te
x-text;!
Missing character: There is no к (U+043A) in font [lmroman10-italic]:mapping=te
x-text;!
Missing character: There is no о (U+043E) in font [lmroman10-italic]:mapping=te
x-text;!
Missing character: There is no н (U+043D) in font [lmroman10-italic]:mapping=te
x-text;!
Missing character: There is no о (U+043E) in font [lmroman10-italic]:mapping=te
x-text;!
Missing character: There is no м (U+043C) in font [lmroman10-italic]:mapping=te
x-text;!
Missing character: There is no и (U+0438) in font [lmroman10-italic]:mapping=te
x-text;!
Missing character: There is no ч (U+0447) in font [lmroman10-italic]:mapping=te
x-text;!
Missing character: There is no е (U+0435) in font [lmroman10-italic]:mapping=te
x-text;!
Missing character: There is no с (U+0441) in font [lmroman10-italic]:mapping=te
x-text;!
Missing character: There is no к (U+043A) in font [lmroman10-italic]:mapping=te
x-text;!
Missing character: There is no и (U+0438) in font [lmroman10-italic]:mapping=te
x-text;!
Missing character: There is no й (U+0439) in font [lmroman10-italic]:mapping=te
x-text;!
Missing character: There is no Ж (U+0416) in font [lmroman10-italic]:mapping=te
x-text;!
Missing character: There is no у (U+0443) in font [lmroman10-italic]:mapping=te
x-text;!
Missing character: There is no р (U+0440) in font [lmroman10-italic]:mapping=te
x-text;!
Missing character: There is no н (U+043D) in font [lmroman10-italic]:mapping=te
x-text;!
Missing character: There is no а (U+0430) in font [lmroman10-italic]:mapping=te
x-text;!
Missing character: There is no л (U+043B) in font [lmroman10-italic]:mapping=te
x-text;!
[17]
Missing character: There is no Б (U+0411) in font [lmroman10-regular]:mapping=t
ex-text;!
Missing character: There is no р (U+0440) in font [lmroman10-regular]:mapping=t
ex-text;!
Missing character: There is no у (U+0443) in font [lmroman10-regular]:mapping=t
ex-text;!
Missing character: There is no е (U+0435) in font [lmroman10-regular]:mapping=t
ex-text;!
Missing character: There is no в (U+0432) in font [lmroman10-regular]:mapping=t
ex-text;!
Missing character: There is no а (U+0430) in font [lmroman10-regular]:mapping=t
ex-text;!
Missing character: There is no К (U+041A) in font [lmroman10-regular]:mapping=t
ex-text;!
Missing character: There is no С (U+0421) in font [lmroman10-regular]:mapping=t
ex-text;!
Missing character: There is no К (U+041A) in font [lmroman10-regular]:mapping=t
ex-text;!
Missing character: There is no С (U+0421) in font [lmroman10-regular]:mapping=t
ex-text;!
Missing character: There is no В (U+0412) in font [lmroman10-regular]:mapping=t
ex-text;!
Missing character: There is no о (U+043E) in font [lmroman10-regular]:mapping=t
ex-text;!
Missing character: There is no л (U+043B) in font [lmroman10-regular]:mapping=t
ex-text;!
Missing character: There is no к (U+043A) in font [lmroman10-regular]:mapping=t
ex-text;!
Missing character: There is no о (U+043E) in font [lmroman10-regular]:mapping=t
ex-text;!
Missing character: There is no в (U+0432) in font [lmroman10-regular]:mapping=t
ex-text;!
Missing character: There is no а (U+0430) in font [lmroman10-regular]:mapping=t
ex-text;!
Missing character: There is no Ф (U+0424) in font [lmroman10-regular]:mapping=t
ex-text;!
Missing character: There is no а (U+0430) in font [lmroman10-regular]:mapping=t
ex-text;!
Missing character: There is no к (U+043A) in font [lmroman10-regular]:mapping=t
ex-text;!
Missing character: There is no т (U+0442) in font [lmroman10-regular]:mapping=t
ex-text;!
Missing character: There is no о (U+043E) in font [lmroman10-regular]:mapping=t
ex-text;!
Missing character: There is no р (U+0440) in font [lmroman10-regular]:mapping=t
ex-text;!
Missing character: There is no ы (U+044B) in font [lmroman10-regular]:mapping=t
ex-text;!
Missing character: There is no В (U+0412) in font [lmroman10-regular]:mapping=t
ex-text;!
Missing character: There is no л (U+043B) in font [lmroman10-regular]:mapping=t
ex-text;!
Missing character: There is no и (U+0438) in font [lmroman10-regular]:mapping=t
ex-text;!
Missing character: There is no я (U+044F) in font [lmroman10-regular]:mapping=t
ex-text;!
Missing character: There is no ю (U+044E) in font [lmroman10-regular]:mapping=t
ex-text;!
Missing character: There is no щ (U+0449) in font [lmroman10-regular]:mapping=t
ex-text;!
Missing character: There is no и (U+0438) in font [lmroman10-regular]:mapping=t
ex-text;!
Missing character: There is no е (U+0435) in font [lmroman10-regular]:mapping=t
ex-text;!
Missing character: There is no Н (U+041D) in font [lmroman10-regular]:mapping=t
ex-text;!
Missing character: There is no а (U+0430) in font [lmroman10-regular]:mapping=t
ex-text;!
Missing character: There is no Э (U+042D) in font [lmroman10-regular]:mapping=t
ex-text;!
Missing character: There is no к (U+043A) in font [lmroman10-regular]:mapping=t
ex-text;!
Missing character: There is no о (U+043E) in font [lmroman10-regular]:mapping=t
ex-text;!
Missing character: There is no н (U+043D) in font [lmroman10-regular]:mapping=t
ex-text;!
Missing character: There is no о (U+043E) in font [lmroman10-regular]:mapping=t
ex-text;!
Missing character: There is no м (U+043C) in font [lmroman10-regular]:mapping=t
ex-text;!
Missing character: There is no и (U+0438) in font [lmroman10-regular]:mapping=t
ex-text;!
Missing character: There is no ч (U+0447) in font [lmroman10-regular]:mapping=t
ex-text;!
Missing character: There is no е (U+0435) in font [lmroman10-regular]:mapping=t
ex-text;!
Missing character: There is no с (U+0441) in font [lmroman10-regular]:mapping=t
ex-text;!
Missing character: There is no к (U+043A) in font [lmroman10-regular]:mapping=t
ex-text;!
Missing character: There is no о (U+043E) in font [lmroman10-regular]:mapping=t
ex-text;!
Missing character: There is no е (U+0435) in font [lmroman10-regular]:mapping=t
ex-text;!
Missing character: There is no Н (U+041D) in font [lmroman10-regular]:mapping=t
ex-text;!
Missing character: There is no е (U+0435) in font [lmroman10-regular]:mapping=t
ex-text;!
Missing character: There is no р (U+0440) in font [lmroman10-regular]:mapping=t
ex-text;!
Missing character: There is no а (U+0430) in font [lmroman10-regular]:mapping=t
ex-text;!
Missing character: There is no в (U+0432) in font [lmroman10-regular]:mapping=t
ex-text;!
Missing character: There is no е (U+0435) in font [lmroman10-regular]:mapping=t
ex-text;!
Missing character: There is no н (U+043D) in font [lmroman10-regular]:mapping=t
ex-text;!
Missing character: There is no с (U+0441) in font [lmroman10-regular]:mapping=t
ex-text;!
Missing character: There is no т (U+0442) in font [lmroman10-regular]:mapping=t
ex-text;!
Missing character: There is no в (U+0432) in font [lmroman10-regular]:mapping=t
ex-text;!
Missing character: There is no о (U+043E) in font [lmroman10-regular]:mapping=t
ex-text;!
Missing character: There is no и (U+0438) in font [lmroman10-regular]:mapping=t
ex-text;!
Missing character: There is no Е (U+0415) in font [lmroman10-regular]:mapping=t
ex-text;!
Missing character: There is no г (U+0433) in font [lmroman10-regular]:mapping=t
ex-text;!
Missing character: There is no о (U+043E) in font [lmroman10-regular]:mapping=t
ex-text;!
Missing character: There is no П (U+041F) in font [lmroman10-regular]:mapping=t
ex-text;!
Missing character: There is no о (U+043E) in font [lmroman10-regular]:mapping=t
ex-text;!
Missing character: There is no с (U+0441) in font [lmroman10-regular]:mapping=t
ex-text;!
Missing character: There is no л (U+043B) in font [lmroman10-regular]:mapping=t
ex-text;!
Missing character: There is no е (U+0435) in font [lmroman10-regular]:mapping=t
ex-text;!
Missing character: There is no д (U+0434) in font [lmroman10-regular]:mapping=t
ex-text;!
Missing character: There is no с (U+0441) in font [lmroman10-regular]:mapping=t
ex-text;!
Missing character: There is no т (U+0442) in font [lmroman10-regular]:mapping=t
ex-text;!
Missing character: There is no в (U+0432) in font [lmroman10-regular]:mapping=t
ex-text;!
Missing character: There is no и (U+0438) in font [lmroman10-regular]:mapping=t
ex-text;!
Missing character: There is no я (U+044F) in font [lmroman10-regular]:mapping=t
ex-text;!
Missing character: There is no Д (U+0414) in font [lmroman10-regular]:mapping=t
ex-text;!
Missing character: There is no л (U+043B) in font [lmroman10-regular]:mapping=t
ex-text;!
Missing character: There is no я (U+044F) in font [lmroman10-regular]:mapping=t
ex-text;!
Missing character: There is no О (U+041E) in font [lmroman10-regular]:mapping=t
ex-text;!
Missing character: There is no б (U+0431) in font [lmroman10-regular]:mapping=t
ex-text;!
Missing character: There is no щ (U+0449) in font [lmroman10-regular]:mapping=t
ex-text;!
Missing character: There is no е (U+0435) in font [lmroman10-regular]:mapping=t
ex-text;!
Missing character: There is no с (U+0441) in font [lmroman10-regular]:mapping=t
ex-text;!
Missing character: There is no т (U+0442) in font [lmroman10-regular]:mapping=t
ex-text;!
Missing character: There is no в (U+0432) in font [lmroman10-regular]:mapping=t
ex-text;!
Missing character: There is no а (U+0430) in font [lmroman10-regular]:mapping=t
ex-text;!
Missing character: There is no В (U+0412) in font [lmroman10-italic]:mapping=te
x-text;!
Missing character: There is no е (U+0435) in font [lmroman10-italic]:mapping=te
x-text;!
Missing character: There is no с (U+0441) in font [lmroman10-italic]:mapping=te
x-text;!
Missing character: There is no т (U+0442) in font [lmroman10-italic]:mapping=te
x-text;!
Missing character: There is no н (U+043D) in font [lmroman10-italic]:mapping=te
x-text;!
Missing character: There is no и (U+0438) in font [lmroman10-italic]:mapping=te
x-text;!
Missing character: There is no к (U+043A) in font [lmroman10-italic]:mapping=te
x-text;!
Missing character: There is no Н (U+041D) in font [lmroman10-italic]:mapping=te
x-text;!
Missing character: There is no а (U+0430) in font [lmroman10-italic]:mapping=te
x-text;!
Missing character: There is no у (U+0443) in font [lmroman10-italic]:mapping=te
x-text;!
Missing character: There is no к (U+043A) in font [lmroman10-italic]:mapping=te
x-text;!
Missing character: There is no и (U+0438) in font [lmroman10-italic]:mapping=te
x-text;!
Missing character: There is no Д (U+0414) in font [lmroman10-regular]:mapping=t
ex-text;!
Missing character: There is no у (U+0443) in font [lmroman10-regular]:mapping=t
ex-text;!
Missing character: There is no н (U+043D) in font [lmroman10-regular]:mapping=t
ex-text;!
Missing character: There is no а (U+0430) in font [lmroman10-regular]:mapping=t
ex-text;!
Missing character: There is no м (U+043C) in font [lmroman10-regular]:mapping=t
ex-text;!
Missing character: There is no а (U+0430) in font [lmroman10-regular]:mapping=t
ex-text;!
Missing character: There is no л (U+043B) in font [lmroman10-regular]:mapping=t
ex-text;!
Missing character: There is no я (U+044F) in font [lmroman10-regular]:mapping=t
ex-text;!
Missing character: There is no н (U+043D) in font [lmroman10-regular]:mapping=t
ex-text;!
Missing character: There is no Н (U+041D) in font [lmroman10-regular]:mapping=t
ex-text;!
Missing character: There is no о (U+043E) in font [lmroman10-regular]:mapping=t
ex-text;!
Missing character: There is no р (U+0440) in font [lmroman10-regular]:mapping=t
ex-text;!
Missing character: There is no а (U+0430) in font [lmroman10-regular]:mapping=t
ex-text;!
Missing character: There is no й (U+0439) in font [lmroman10-regular]:mapping=t
ex-text;!
Missing character: There is no р (U+0440) in font [lmroman10-regular]:mapping=t
ex-text;!
Missing character: There is no А (U+0410) in font [lmroman10-regular]:mapping=t
ex-text;!
Missing character: There is no р (U+0440) in font [lmroman10-regular]:mapping=t
ex-text;!
Missing character: There is no м (U+043C) in font [lmroman10-regular]:mapping=t
ex-text;!
Missing character: There is no е (U+0435) in font [lmroman10-regular]:mapping=t
ex-text;!
Missing character: There is no н (U+043D) in font [lmroman10-regular]:mapping=t
ex-text;!
Missing character: There is no о (U+043E) in font [lmroman10-regular]:mapping=t
ex-text;!
Missing character: There is no в (U+0432) in font [lmroman10-regular]:mapping=t
ex-text;!
Missing character: There is no и (U+0438) in font [lmroman10-regular]:mapping=t
ex-text;!
Missing character: There is no ч (U+0447) in font [lmroman10-regular]:mapping=t
ex-text;!
Missing character: There is no В (U+0412) in font [lmroman10-regular]:mapping=t
ex-text;!
Missing character: There is no а (U+0430) in font [lmroman10-regular]:mapping=t
ex-text;!
Missing character: There is no г (U+0433) in font [lmroman10-regular]:mapping=t
ex-text;!
Missing character: There is no е (U+0435) in font [lmroman10-regular]:mapping=t
ex-text;!
Missing character: There is no С (U+0421) in font [lmroman10-regular]:mapping=t
ex-text;!
Missing character: There is no а (U+0430) in font [lmroman10-regular]:mapping=t
ex-text;!
Missing character: There is no м (U+043C) in font [lmroman10-regular]:mapping=t
ex-text;!
Missing character: There is no в (U+0432) in font [lmroman10-regular]:mapping=t
ex-text;!
Missing character: There is no е (U+0435) in font [lmroman10-regular]:mapping=t
ex-text;!
Missing character: There is no л (U+043B) in font [lmroman10-regular]:mapping=t
ex-text;!
Missing character: There is no о (U+043E) in font [lmroman10-regular]:mapping=t
ex-text;!
Missing character: There is no в (U+0432) in font [lmroman10-regular]:mapping=t
ex-text;!
Missing character: There is no и (U+0438) in font [lmroman10-regular]:mapping=t
ex-text;!
Missing character: There is no ч (U+0447) in font [lmroman10-regular]:mapping=t
ex-text;!
Missing character: There is no Д (U+0414) in font [lmroman10-regular]:mapping=t
ex-text;!
Missing character: There is no а (U+0430) in font [lmroman10-regular]:mapping=t
ex-text;!
Missing character: There is no в (U+0432) in font [lmroman10-regular]:mapping=t
ex-text;!
Missing character: There is no т (U+0442) in font [lmroman10-regular]:mapping=t
ex-text;!
Missing character: There is no я (U+044F) in font [lmroman10-regular]:mapping=t
ex-text;!
Missing character: There is no н (U+043D) in font [lmroman10-regular]:mapping=t
ex-text;!
Missing character: There is no А (U+0410) in font [lmroman10-regular]:mapping=t
ex-text;!
Missing character: There is no г (U+0433) in font [lmroman10-regular]:mapping=t
ex-text;!
Missing character: There is no а (U+0430) in font [lmroman10-regular]:mapping=t
ex-text;!
Missing character: There is no с (U+0441) in font [lmroman10-regular]:mapping=t
ex-text;!
Missing character: There is no и (U+0438) in font [lmroman10-regular]:mapping=t
ex-text;!
Missing character: There is no А (U+0410) in font [lmroman10-regular]:mapping=t
ex-text;!
Missing character: There is no ш (U+0448) in font [lmroman10-regular]:mapping=t
ex-text;!
Missing character: There is no о (U+043E) in font [lmroman10-regular]:mapping=t
ex-text;!
Missing character: There is no т (U+0442) in font [lmroman10-regular]:mapping=t
ex-text;!
Missing character: There is no о (U+043E) in font [lmroman10-regular]:mapping=t
ex-text;!
Missing character: There is no в (U+0432) in font [lmroman10-regular]:mapping=t
ex-text;!
Missing character: There is no и (U+0438) in font [lmroman10-regular]:mapping=t
ex-text;!
Missing character: There is no ч (U+0447) in font [lmroman10-regular]:mapping=t
ex-text;!
Missing character: There is no Т (U+0422) in font [lmroman10-regular]:mapping=t
ex-text;!
Missing character: There is no а (U+0430) in font [lmroman10-regular]:mapping=t
ex-text;!
Missing character: There is no в (U+0432) in font [lmroman10-regular]:mapping=t
ex-text;!
Missing character: There is no а (U+0430) in font [lmroman10-regular]:mapping=t
ex-text;!
Missing character: There is no д (U+0434) in font [lmroman10-regular]:mapping=t
ex-text;!
Missing character: There is no я (U+044F) in font [lmroman10-regular]:mapping=t
ex-text;!
Missing character: There is no н (U+043D) in font [lmroman10-regular]:mapping=t
ex-text;!
Missing character: There is no Э (U+042D) in font [lmroman10-regular]:mapping=t
ex-text;!
Missing character: There is no к (U+043A) in font [lmroman10-regular]:mapping=t
ex-text;!
Missing character: There is no о (U+043E) in font [lmroman10-regular]:mapping=t
ex-text;!
Missing character: There is no н (U+043D) in font [lmroman10-regular]:mapping=t
ex-text;!
Missing character: There is no о (U+043E) in font [lmroman10-regular]:mapping=t
ex-text;!
Missing character: There is no м (U+043C) in font [lmroman10-regular]:mapping=t
ex-text;!
Missing character: There is no и (U+0438) in font [lmroman10-regular]:mapping=t
ex-text;!
Missing character: There is no ч (U+0447) in font [lmroman10-regular]:mapping=t
ex-text;!
Missing character: There is no е (U+0435) in font [lmroman10-regular]:mapping=t
ex-text;!
Missing character: There is no с (U+0441) in font [lmroman10-regular]:mapping=t
ex-text;!
Missing character: There is no к (U+043A) in font [lmroman10-regular]:mapping=t
ex-text;!
Missing character: There is no о (U+043E) in font [lmroman10-regular]:mapping=t
ex-text;!
Missing character: There is no е (U+0435) in font [lmroman10-regular]:mapping=t
ex-text;!
Missing character: There is no Р (U+0420) in font [lmroman10-regular]:mapping=t
ex-text;!
Missing character: There is no а (U+0430) in font [lmroman10-regular]:mapping=t
ex-text;!
Missing character: There is no з (U+0437) in font [lmroman10-regular]:mapping=t
ex-text;!
Missing character: There is no в (U+0432) in font [lmroman10-regular]:mapping=t
ex-text;!
Missing character: There is no и (U+0438) in font [lmroman10-regular]:mapping=t
ex-text;!
Missing character: There is no т (U+0442) in font [lmroman10-regular]:mapping=t
ex-text;!
Missing character: There is no и (U+0438) in font [lmroman10-regular]:mapping=t
ex-text;!
Missing character: There is no е (U+0435) in font [lmroman10-regular]:mapping=t
ex-text;!
Missing character: There is no К (U+041A) in font [lmroman10-regular]:mapping=t
ex-text;!
Missing character: There is no а (U+0430) in font [lmroman10-regular]:mapping=t
ex-text;!
Missing character: There is no к (U+043A) in font [lmroman10-regular]:mapping=t
ex-text;!
Missing character: There is no С (U+0421) in font [lmroman10-regular]:mapping=t
ex-text;!
Missing character: There is no п (U+043F) in font [lmroman10-regular]:mapping=t
ex-text;!
Missing character: There is no о (U+043E) in font [lmroman10-regular]:mapping=t
ex-text;!
Missing character: There is no с (U+0441) in font [lmroman10-regular]:mapping=t
ex-text;!
Missing character: There is no о (U+043E) in font [lmroman10-regular]:mapping=t
ex-text;!
Missing character: There is no б (U+0431) in font [lmroman10-regular]:mapping=t
ex-text;!
Missing character: There is no К (U+041A) in font [lmroman10-regular]:mapping=t
ex-text;!
Missing character: There is no о (U+043E) in font [lmroman10-regular]:mapping=t
ex-text;!
Missing character: There is no м (U+043C) in font [lmroman10-regular]:mapping=t
ex-text;!
Missing character: There is no п (U+043F) in font [lmroman10-regular]:mapping=t
ex-text;!
Missing character: There is no е (U+0435) in font [lmroman10-regular]:mapping=t
ex-text;!
Missing character: There is no н (U+043D) in font [lmroman10-regular]:mapping=t
ex-text;!
Missing character: There is no с (U+0441) in font [lmroman10-regular]:mapping=t
ex-text;!
Missing character: There is no а (U+0430) in font [lmroman10-regular]:mapping=t
ex-text;!
Missing character: There is no ц (U+0446) in font [lmroman10-regular]:mapping=t
ex-text;!
Missing character: There is no и (U+0438) in font [lmroman10-regular]:mapping=t
ex-text;!
Missing character: There is no и (U+0438) in font [lmroman10-regular]:mapping=t
ex-text;!
Missing character: There is no В (U+0412) in font [lmroman10-regular]:mapping=t
ex-text;!
Missing character: There is no н (U+043D) in font [lmroman10-regular]:mapping=t
ex-text;!
Missing character: There is no е (U+0435) in font [lmroman10-regular]:mapping=t
ex-text;!
Missing character: There is no ш (U+0448) in font [lmroman10-regular]:mapping=t
ex-text;!
Missing character: There is no н (U+043D) in font [lmroman10-regular]:mapping=t
ex-text;!
Missing character: There is no е (U+0435) in font [lmroman10-regular]:mapping=t
ex-text;!
Missing character: There is no п (U+043F) in font [lmroman10-regular]:mapping=t
ex-text;!
Missing character: There is no о (U+043E) in font [lmroman10-regular]:mapping=t
ex-text;!
Missing character: There is no л (U+043B) in font [lmroman10-regular]:mapping=t
ex-text;!
Missing character: There is no и (U+0438) in font [lmroman10-regular]:mapping=t
ex-text;!
Missing character: There is no т (U+0442) in font [lmroman10-regular]:mapping=t
ex-text;!
Missing character: There is no и (U+0438) in font [lmroman10-regular]:mapping=t
ex-text;!
Missing character: There is no ч (U+0447) in font [lmroman10-regular]:mapping=t
ex-text;!
Missing character: There is no е (U+0435) in font [lmroman10-regular]:mapping=t
ex-text;!
Missing character: There is no с (U+0441) in font [lmroman10-regular]:mapping=t
ex-text;!
Missing character: There is no к (U+043A) in font [lmroman10-regular]:mapping=t
ex-text;!
Missing character: There is no и (U+0438) in font [lmroman10-regular]:mapping=t
ex-text;!
Missing character: There is no х (U+0445) in font [lmroman10-regular]:mapping=t
ex-text;!
Missing character: There is no Р (U+0420) in font [lmroman10-regular]:mapping=t
ex-text;!
Missing character: There is no и (U+0438) in font [lmroman10-regular]:mapping=t
ex-text;!
Missing character: There is no с (U+0441) in font [lmroman10-regular]:mapping=t
ex-text;!
Missing character: There is no к (U+043A) in font [lmroman10-regular]:mapping=t
ex-text;!
Missing character: There is no о (U+043E) in font [lmroman10-regular]:mapping=t
ex-text;!
Missing character: There is no в (U+0432) in font [lmroman10-regular]:mapping=t
ex-text;!
Missing character: There is no П (U+041F) in font [lmroman10-regular]:mapping=t
ex-text;!
Missing character: There is no р (U+0440) in font [lmroman10-regular]:mapping=t
ex-text;!
Missing character: There is no и (U+0438) in font [lmroman10-regular]:mapping=t
ex-text;!
Missing character: There is no м (U+043C) in font [lmroman10-regular]:mapping=t
ex-text;!
Missing character: There is no е (U+0435) in font [lmroman10-regular]:mapping=t
ex-text;!
Missing character: There is no р (U+0440) in font [lmroman10-regular]:mapping=t
ex-text;!
Missing character: There is no А (U+0410) in font [lmroman10-regular]:mapping=t
ex-text;!
Missing character: There is no р (U+0440) in font [lmroman10-regular]:mapping=t
ex-text;!
Missing character: There is no м (U+043C) in font [lmroman10-regular]:mapping=t
ex-text;!
Missing character: There is no е (U+0435) in font [lmroman10-regular]:mapping=t
ex-text;!
Missing character: There is no н (U+043D) in font [lmroman10-regular]:mapping=t
ex-text;!
Missing character: There is no и (U+0438) in font [lmroman10-regular]:mapping=t
ex-text;!
Missing character: There is no и (U+0438) in font [lmroman10-regular]:mapping=t
ex-text;!
Missing character: There is no М (U+041C) in font [lmroman10-italic]:mapping=te
x-text;!
Missing character: There is no е (U+0435) in font [lmroman10-italic]:mapping=te
x-text;!
Missing character: There is no ж (U+0436) in font [lmroman10-italic]:mapping=te
x-text;!
Missing character: There is no д (U+0434) in font [lmroman10-italic]:mapping=te
x-text;!
Missing character: There is no у (U+0443) in font [lmroman10-italic]:mapping=te
x-text;!
Missing character: There is no н (U+043D) in font [lmroman10-italic]:mapping=te
x-text;!
Missing character: There is no а (U+0430) in font [lmroman10-italic]:mapping=te
x-text;!
Missing character: There is no р (U+0440) in font [lmroman10-italic]:mapping=te
x-text;!
Missing character: There is no о (U+043E) in font [lmroman10-italic]:mapping=te
x-text;!
Missing character: There is no д (U+0434) in font [lmroman10-italic]:mapping=te
x-text;!
Missing character: There is no н (U+043D) in font [lmroman10-italic]:mapping=te
x-text;!
Missing character: There is no а (U+0430) in font [lmroman10-italic]:mapping=te
x-text;!
Missing character: There is no я (U+044F) in font [lmroman10-italic]:mapping=te
x-text;!
Missing character: There is no А (U+0410) in font [lmroman10-italic]:mapping=te
x-text;!
Missing character: There is no н (U+043D) in font [lmroman10-italic]:mapping=te
x-text;!
Missing character: There is no а (U+0430) in font [lmroman10-italic]:mapping=te
x-text;!
Missing character: There is no л (U+043B) in font [lmroman10-italic]:mapping=te
x-text;!
Missing character: There is no и (U+0438) in font [lmroman10-italic]:mapping=te
x-text;!
Missing character: There is no т (U+0442) in font [lmroman10-italic]:mapping=te
x-text;!
Missing character: There is no и (U+0438) in font [lmroman10-italic]:mapping=te
x-text;!
Missing character: There is no к (U+043A) in font [lmroman10-italic]:mapping=te
x-text;!
Missing character: There is no а (U+0430) in font [lmroman10-italic]:mapping=te
x-text;!
[18] (./full-revised-manuscript_20250325.aux)
 ***********
LaTeX2e <2023-11-01> patch level 1
L3 programming layer <2024-02-20>
 ***********
 ) 
Here is how much of TeX's memory you used:
 21851 strings out of 474773
 406746 string characters out of 5763519
 1943839 words of memory out of 5000000
 43647 multiletter control sequences out of 15000+600000
 564642 words of font info for 92 fonts, out of 8000000 for 9000
 1348 hyphenation exceptions out of 8191
 90i,8n,121p,1029b,518s stack positions out of 10000i,1000n,20000p,200000b,200000s

Output written on full-revised-manuscript_20250325.pdf (18 pages).
